// Jest Snapshot v1, https://goo.gl/fbAQLP

exports[`should render correctly 1`] = `
<Layout
  description="Stravell | This page allow you to write, blog an article and share your experience about your travels, trip and best wanderlust."
  title="Stravell | Add Post"
>
  <PageHeader
    title="Create Post"
    withSocialShareButtons={false}
  />
  <div
    className="content-container"
  >
    <div
      className="mb1"
    >
      <Breadcrumb
        links={
          Array [
            Object {
              "href": "/",
              "text": "Home",
            },
            Object {
              "href": "/dashboard",
              "text": "Dashboard",
            },
            Object {
              "active": true,
              "as": "/p/create",
              "href": "/create",
              "text": "Create Post",
            },
          ]
        }
      />
    </div>
    <Connect(PostForm)
      onSubmit={[Function]}
    />
  </div>
</Layout>
`;
