// Jest Snapshot v1, https://goo.gl/fbAQLP

exports[`should render DashboardPage correctly 1`] = `
<Layout
  description="Stravell | Dashboard page"
  title="Stravell | Dashboard"
>
  <PageHeader
    withSocialShareButtons={false}
  >
    <div
      className="flex align-items--center"
    >
      <Connect(AvatarEditor) />
      <span
        className="ml2 favourite-font-weight h2"
      >
        Dashboard
      </span>
    </div>
  </PageHeader>
  <div
    className="content-container"
  >
    <Connect(FilterableDataList)
      DataList={[Function]}
      breadCrumbProps={
        Object {
          "links": Array [
            Object {
              "href": "/",
              "text": "Home",
            },
            Object {
              "active": true,
              "href": "/dashboard",
              "text": "Dashboard",
            },
            Object {
              "as": "/p/create",
              "href": "/create",
              "text": "Create Post",
            },
          ],
        }
      }
      editable={true}
      nodataText="The world is looking forward to hear about your stories!"
      withMap={false}
    />
  </div>
</Layout>
`;
