// Jest Snapshot v1, https://goo.gl/fbAQLP

exports[`should render DashboardPage correctly 1`] = `
<Layout
  description="Stravell | Dashboard page"
  title="Stravell | Dashboard"
>
  <PageHeader
    title="Dashboard"
    withSocialShareButtons={false}
  />
  <div
    className="content-container"
  >
    <Connect(FilterableDataList)
      DataList={[Function]}
      breadCrumbProps={
        Object {
          "links": Array [
            Object {
              "href": "/",
              "text": "Home",
            },
            Object {
              "active": true,
              "as": "/dashboard/samia-ouafir/1pUNibuDtBPmdsBPpAqlNEZYc9r2",
              "href": "/dashboard?uid=1pUNibuDtBPmdsBPpAqlNEZYc9r2",
              "text": "Dashboard",
            },
            Object {
              "as": "/p/create",
              "href": "/create",
              "text": "Create Post",
            },
          ],
        }
      }
      editable={true}
      nodataText="The world is looking forward to hear about your stories!"
      withMap={false}
    />
  </div>
</Layout>
`;
