// Jest Snapshot v1, https://goo.gl/fbAQLP

exports[`should render DashboardPage correctly 1`] = `
<Layout
  description="Stravell | Dashboard page"
  title="Stravell | Dashboard"
>
  <PageHeader
    title="Dashboard"
  />
  <div
    className="content-container"
  >
    <Link
      as="/p/create"
      href="/createPost"
    >
      <a
        className="button button--with-bottom-margin"
      >
        Create Post
      </a>
    </Link>
    <Connect(FilterablePostList)
      SearchBarAutoFocus={true}
      editable={true}
      noPostText="The world is looking forward to hear about your stories!"
    />
  </div>
</Layout>
`;
