// Jest Snapshot v1, https://goo.gl/fbAQLP

exports[`should render correctly 1`] = `
<Layout
  description="Stravell | This page allow you to edit a travel post, article you've written."
  title="Stravell | Edit Post"
>
  <PageHeader
    title="Edit Post"
  />
  <div
    className="content-container"
  >
    <PostForm
      onSubmit={[Function]}
      post={
        Object {
          "id": 1,
        }
      }
    />
  </div>
</Layout>
`;
