// Jest Snapshot v1, https://goo.gl/fbAQLP

exports[`should render correctly 1`] = `
<div
  className="footer"
>
  <div
    className="fullwidth content-container align-items--center flex justify-content--between"
  >
    <div
      className="flex flex-direction--column"
    >
      <Link
        href="/"
      >
        <a
          className="footer__corporation favourite-font-weight no-text-decoration"
        >
          Stravell
          , Inc.
        </a>
      </Link>
    </div>
    <div
      className="flex align-items--center"
    >
      <Link
        href="/destinations"
      >
        <a>
          <IoMdAirplane
            className="footer__logo"
          />
        </a>
      </Link>
      <Link
        href="mailto:stravell.com@gmail.com"
      >
        <a>
          <IoIosMail
            className="footer__logo"
          />
        </a>
      </Link>
      <Link
        href="https://twitter.com/StravellC"
      >
        <a
          target="_blank"
        >
          <IoLogoTwitter
            className="footer__logo"
          />
        </a>
      </Link>
      <Link
        href="https://www.instagram.com/stravell.blog/"
      >
        <a
          target="_blank"
        >
          <IoLogoInstagram
            className="footer__logo"
          />
        </a>
      </Link>
      <Link
        href="https://www.facebook.com/Stravellcom-1434113966719446/"
      >
        <a
          target="_blank"
        >
          <IoLogoFacebook
            className="footer__logo"
          />
        </a>
      </Link>
    </div>
  </div>
</div>
`;
