// Jest Snapshot v1, https://goo.gl/fbAQLP

exports[`A userName prop is provided should render correctly 1`] = `
<Layout
  description="Stravell | A search engine for travel articles. It makes it easy for you to find travel articles about thousands of places around the world written by some of the best travel bloggers worldwide."
  title="Stravell | Find and Read Travel Articles From Travelers worldwide."
>
  <div
    className="homepage__image-container"
  >
    <div
      className="content-container"
    >
      <div
        className="homepage__image-container__text-container"
      />
      <div
        className="homepage__image-container__text"
      >
        <h1
          className="homepage__image-container__text--website-name"
        >
          Stravell
        </h1>
        A search engine for travel articles. 
        <br />
         It makes it easy for you to find travel articles about thousands of places
        <br />
        around the world written by some of the best travel bloggers worldwide.
      </div>
      <div
        className="homepage__image-container__typing-container"
      />
      <div
        className="homepage__image-container__typing flex align-items--center"
      >
        <IoIosSearch
          className="mr1"
        />
        <ReactTyped
          backSpeed={100}
          loop={true}
          strings={
            Array [
              "Thailand",
              "Australia",
              "Canada",
              "Japan",
              "Brazil",
            ]
          }
          typeSpeed={100}
        />
      </div>
      <div
        className="homepage__image-container__social_buttons"
      >
        <withRouter(SocialShareButtons) />
      </div>
    </div>
    <img
      alt=""
      className="fullwidth"
      src="/static/images/home.svg"
    />
  </div>
  <div
    className="content-container"
  >
    <Connect(FilterableDataList)
      DataList={[Function]}
      breadCrumbProps={
        Object {
          "links": Array [
            Object {
              "active": true,
              "href": "/",
              "text": "Home",
            },
          ],
        }
      }
      googleMapsProps={
        Object {
          "isMarkerShown": true,
          "places": undefined,
          "showWholeWorld": true,
        }
      }
      noDataText="There is no country yet."
      searchBarPlaceHolder="Search a country. Click on it. Start discovering!"
    />
    <h2
      className="favourite-font-weight"
    >
      Latest Posts
    </h2>
    <PostList
      data={Array []}
      noDataText="There is no post yet."
    />
  </div>
</Layout>
`;

exports[`no username prop is provided should render correctly 1`] = `
<Layout
  description="Stravell | A search engine for travel articles. It makes it easy for you to find travel articles about thousands of places around the world written by some of the best travel bloggers worldwide."
  title="Stravell | Find and Read Travel Articles From Travelers worldwide."
>
  <div
    className="homepage__image-container"
  >
    <div
      className="content-container"
    >
      <div
        className="homepage__image-container__text-container"
      />
      <div
        className="homepage__image-container__text"
      >
        <h1
          className="homepage__image-container__text--website-name"
        >
          Stravell
        </h1>
        A search engine for travel articles. 
        <br />
         It makes it easy for you to find travel articles about thousands of places
        <br />
        around the world written by some of the best travel bloggers worldwide.
      </div>
      <div
        className="homepage__image-container__typing-container"
      />
      <div
        className="homepage__image-container__typing flex align-items--center"
      >
        <IoIosSearch
          className="mr1"
        />
        <ReactTyped
          backSpeed={100}
          loop={true}
          strings={
            Array [
              "Thailand",
              "Australia",
              "Canada",
              "Japan",
              "Brazil",
            ]
          }
          typeSpeed={100}
        />
      </div>
      <div
        className="homepage__image-container__social_buttons"
      >
        <withRouter(SocialShareButtons) />
      </div>
    </div>
    <img
      alt=""
      className="fullwidth"
      src="/static/images/home.svg"
    />
  </div>
  <div
    className="content-container"
  >
    <Connect(FilterableDataList)
      DataList={[Function]}
      breadCrumbProps={
        Object {
          "links": Array [
            Object {
              "active": true,
              "href": "/",
              "text": "Home",
            },
          ],
        }
      }
      googleMapsProps={
        Object {
          "isMarkerShown": true,
          "places": undefined,
          "showWholeWorld": true,
        }
      }
      noDataText="There is no country yet."
      searchBarPlaceHolder="Search a country. Click on it. Start discovering!"
    />
    <h2
      className="favourite-font-weight"
    >
      Latest Posts
    </h2>
    <PostList
      data={Array []}
      noDataText="There is no post yet."
    />
  </div>
</Layout>
`;
