// Jest Snapshot v1, https://goo.gl/fbAQLP

exports[`should correctly render LoginPage 1`] = `
<div
  className="box-layout"
>
  <div
    className="box-layout__box"
  >
    <h1
      className="box-layout__title favourite-font-weight"
    >
      Stravell
    </h1>
    <p>
      Let's explore the world together.
    </p>
    <button
      className="button mb1 button--warm-peach"
    >
      Log in with Google
    </button>
    <button
      className="button button--warm-peach"
    >
      Log in with Facebook
    </button>
  </div>
</div>
`;
