// Jest Snapshot v1, https://goo.gl/fbAQLP

exports[`should render correctly 1`] = `
<Link
  as="/u/show/samia-ouafir/1pUNibuDtBPmdsBPpAqlNEZYc9r2"
  href="/user?uid=1pUNibuDtBPmdsBPpAqlNEZYc9r2"
>
  <a
    className="no-text-decoration"
  >
    <div>
      <withAvatarConfig
        className="mr1"
        round={true}
        size={40}
        src="https://graph.facebook.com/2307269322671171/picture"
      />
      <span
        className="c-dark-grey"
      >
        Samia Ouafir
      </span>
    </div>
  </a>
</Link>
`;
