// Jest Snapshot v1, https://goo.gl/fbAQLP

exports[`should render correctly 1`] = `
<Fragment>
  <IoIosSearch
    className="search-bar__icon"
  />
  <input
    autoComplete="off"
    id="searchBarInput"
    onChange={[Function]}
    placeholder="Search"
    type="text"
    value=""
  />
</Fragment>
`;
